#
# There is insufficient memory for the Java Runtime Environment to continue.
# Native memory allocation (malloc) failed to allocate 1222416 bytes for Chunk::new
# Possible reasons:
#   The system is out of physical RAM or swap space
#   The process is running with CompressedOops enabled, and the Java Heap may be blocking the growth of the native heap
# Possible solutions:
#   Reduce memory load on the system
#   Increase physical memory or swap space
#   Check if swap backing store is full
#   Decrease Java heap size (-Xmx/-Xms)
#   Decrease number of Java threads
#   Decrease Java thread stack sizes (-Xss)
#   Set larger code cache with -XX:ReservedCodeCacheSize=
#   JVM is running with Unscaled Compressed Oops mode in which the Java heap is
#     placed in the first 4GB address space. The Java Heap base address is the
#     maximum limit for the native heap growth. Please use -XX:HeapBaseMinAddress
#     to set the Java Heap base and to place the Java Heap above 4GB virtual address.
# This output file may be truncated or incomplete.
#
#  Out of Memory Error (allocation.cpp:389), pid=1292, tid=0x0000000000002b64
#
# JRE version: OpenJDK Runtime Environment (8.0_242-b01) (build 1.8.0_242-release-1644-b01)
# Java VM: OpenJDK 64-Bit Server VM (25.242-b01 mixed mode windows-amd64 compressed oops)
# Failed to write core dump. Minidumps are not enabled by default on client versions of Windows
#

---------------  T H R E A D  ---------------

Current thread (0x000000001754b800):  JavaThread "C2 CompilerThread1" daemon [_thread_in_native, id=11108, stack(0x0000000019d40000,0x0000000019e40000)]

Stack: [0x0000000019d40000,0x0000000019e40000]
[error occurred during error reporting (printing stack bounds), id 0xc0000005]

Native frames: (J=compiled Java code, j=interpreted, Vv=VM code, C=native code)


Current CompileTask:
C2:  64298 13672       4       com.android.utils.PositionXmlParser::getPositionHelper (757 bytes)


---------------  P R O C E S S  ---------------

Java Threads: ( => current thread )
  0x000000001fcfc000 JavaThread "stdout" [_thread_in_native, id=3716, stack(0x000000002c6a0000,0x000000002c7a0000)]
  0x000000001fd02000 JavaThread "stderr" [_thread_in_native, id=6120, stack(0x000000002c5a0000,0x000000002c6a0000)]
  0x000000001fd01800 JavaThread "WorkerExecutor Queue Thread 8" [_thread_blocked, id=11168, stack(0x000000002c4a0000,0x000000002c5a0000)]
  0x000000001fd00800 JavaThread "WorkerExecutor Queue Thread 7" [_thread_blocked, id=1912, stack(0x000000002c3a0000,0x000000002c4a0000)]
  0x000000001fd00000 JavaThread "WorkerExecutor Queue Thread 6" [_thread_blocked, id=9932, stack(0x000000002c1a0000,0x000000002c2a0000)]
  0x000000001fd03000 JavaThread "WorkerExecutor Queue Thread 5" [_thread_blocked, id=1644, stack(0x000000002bf30000,0x000000002c030000)]
  0x000000001fcfd800 JavaThread "WorkerExecutor Queue Thread 4" [_thread_blocked, id=9828, stack(0x000000002be30000,0x000000002bf30000)]
  0x000000001fcff000 JavaThread "WorkerExecutor Queue Thread 3" [_thread_blocked, id=5984, stack(0x000000002bd30000,0x000000002be30000)]
  0x000000001fcfb800 JavaThread "WorkerExecutor Queue Thread 2" [_thread_blocked, id=9284, stack(0x000000002bc30000,0x000000002bd30000)]
  0x0000000028452800 JavaThread "stdout" [_thread_in_native, id=3800, stack(0x000000002bb30000,0x000000002bc30000)]
  0x0000000028454000 JavaThread "stderr" [_thread_in_native, id=6788, stack(0x000000002ba30000,0x000000002bb30000)]
  0x0000000028452000 JavaThread "stdout" [_thread_in_native, id=2884, stack(0x000000002b930000,0x000000002ba30000)]
  0x0000000028455000 JavaThread "stderr" [_thread_in_native, id=2020, stack(0x000000002b830000,0x000000002b930000)]
  0x0000000028451000 JavaThread "stdout" [_thread_in_native, id=6024, stack(0x000000002b730000,0x000000002b830000)]
  0x0000000028450800 JavaThread "stderr" [_thread_in_native, id=6000, stack(0x000000002b630000,0x000000002b730000)]
  0x000000002844f800 JavaThread "stdout" [_thread_in_native, id=4572, stack(0x000000002b530000,0x000000002b630000)]
  0x0000000028455800 JavaThread "stderr" [_thread_in_native, id=2276, stack(0x000000002b430000,0x000000002b530000)]
  0x0000000028453800 JavaThread "stdout" [_thread_in_native, id=11228, stack(0x000000002b330000,0x000000002b430000)]
  0x000000001ab1b800 JavaThread "stderr" [_thread_in_native, id=4848, stack(0x000000002b230000,0x000000002b330000)]
  0x000000001fad4000 JavaThread "stdout" [_thread_in_native, id=660, stack(0x000000002b130000,0x000000002b230000)]
  0x000000001a74d000 JavaThread "stderr" [_thread_in_native, id=2800, stack(0x0000000000750000,0x0000000000850000)]
  0x000000001fac9800 JavaThread "pool-4-thread-1" [_thread_blocked, id=13128, stack(0x000000002ac10000,0x000000002ad10000)]
  0x000000001fad1000 JavaThread "WorkerExecutor Queue" [_thread_blocked, id=5316, stack(0x000000002a810000,0x000000002a910000)]
  0x000000001fad2800 JavaThread "Cache worker for execution history cache (C:\Users\Aaqib Khan\AndroidStudioProjects\EASAndroid\.gradle\6.1.1\executionHistory)" [_thread_blocked, id=6052, stack(0x000000002a710000,0x000000002a810000)]
  0x000000001fad0800 JavaThread "Execution worker for ':' Thread 7" [_thread_blocked, id=10332, stack(0x000000002a410000,0x000000002a510000)]
  0x000000001fac9000 JavaThread "Execution worker for ':' Thread 6" [_thread_blocked, id=4876, stack(0x000000002a310000,0x000000002a410000)]
  0x000000001facd800 JavaThread "Execution worker for ':' Thread 5" [_thread_in_native, id=4460, stack(0x000000002a210000,0x000000002a310000)]
  0x000000001facc000 JavaThread "Execution worker for ':' Thread 4" [_thread_blocked, id=10928, stack(0x000000002a110000,0x000000002a210000)]
  0x000000001facf800 JavaThread "Execution worker for ':' Thread 3" [_thread_blocked, id=5324, stack(0x000000002a010000,0x000000002a110000)]
  0x000000001facf000 JavaThread "Execution worker for ':' Thread 2" [_thread_blocked, id=3428, stack(0x0000000029f10000,0x000000002a010000)]
  0x000000001facb000 JavaThread "Execution worker for ':'" [_thread_blocked, id=5216, stack(0x0000000029e10000,0x0000000029f10000)]
  0x000000001faca800 JavaThread "Cache worker for file content cache (C:\Users\Aaqib Khan\AndroidStudioProjects\EASAndroid\.gradle\6.1.1\fileContent)" [_thread_blocked, id=2732, stack(0x0000000029d10000,0x0000000029e10000)]
  0x000000001fac8000 JavaThread "Cache worker for file content cache (C:\Users\Aaqib Khan\.gradle\caches\6.1.1\fileContent)" [_thread_blocked, id=13096, stack(0x0000000029c10000,0x0000000029d10000)]
  0x000000001c4a3800 JavaThread "Memory manager" [_thread_blocked, id=4268, stack(0x0000000029b10000,0x0000000029c10000)]
  0x000000001c4a7800 JavaThread "Cache worker for Build Output Cleanup Cache (C:\Users\Aaqib Khan\AndroidStudioProjects\EASAndroid\.gradle\buildOutputCleanup)" [_thread_blocked, id=10428, stack(0x0000000029a10000,0x0000000029b10000)]
  0x000000001c4a5000 JavaThread "pool-3-thread-1" [_thread_blocked, id=856, stack(0x0000000027710000,0x0000000027810000)]
  0x000000001c4a6800 JavaThread "Build operations Thread 8" [_thread_blocked, id=4204, stack(0x0000000026240000,0x0000000026340000)]
  0x000000001ab20000 JavaThread "Build operations Thread 7" [_thread_blocked, id=8452, stack(0x0000000025f40000,0x0000000026040000)]
  0x000000001ab21000 JavaThread "Build operations Thread 6" [_thread_blocked, id=6380, stack(0x0000000024b40000,0x0000000024c40000)]
  0x000000001ab1f800 JavaThread "Build operations Thread 5" [_thread_blocked, id=6268, stack(0x00000000245a0000,0x00000000246a0000)]
  0x000000001ab1e000 JavaThread "Build operations Thread 4" [_thread_blocked, id=4120, stack(0x00000000244a0000,0x00000000245a0000)]
  0x000000001ab1d000 JavaThread "Build operations Thread 3" [_thread_blocked, id=4684, stack(0x00000000243a0000,0x00000000244a0000)]
  0x000000001ab1e800 JavaThread "Build operations Thread 2" [_thread_blocked, id=5364, stack(0x00000000242a0000,0x00000000243a0000)]
  0x000000001ab15800 JavaThread "Build operations" [_thread_blocked, id=5780, stack(0x00000000241a0000,0x00000000242a0000)]
  0x000000001ab14000 JavaThread "Cache worker for cache directory md-rule (C:\Users\Aaqib Khan\.gradle\caches\6.1.1\md-rule)" [_thread_blocked, id=7920, stack(0x00000000240a0000,0x00000000241a0000)]
  0x000000001ab1b000 JavaThread "Cache worker for cache directory md-supplier (C:\Users\Aaqib Khan\.gradle\caches\6.1.1\md-supplier)" [_thread_blocked, id=5748, stack(0x0000000023fa0000,0x00000000240a0000)]
  0x000000001ab13800 JavaThread "Cache worker for file hash cache (C:\Users\Aaqib Khan\AndroidStudioProjects\EASAndroid\.gradle\6.1.1\fileHashes)" [_thread_blocked, id=4464, stack(0x0000000023ea0000,0x0000000023fa0000)]
  0x000000001ab1a000 JavaThread "Cache worker for checksums cache (C:\Users\Aaqib Khan\AndroidStudioProjects\EASAndroid\.gradle\checksums)" [_thread_blocked, id=7320, stack(0x0000000023940000,0x0000000023a40000)]
  0x000000001ab12800 JavaThread "Thread-38" [_thread_blocked, id=12520, stack(0x0000000021b70000,0x0000000021c70000)]
  0x000000001ab15000 JavaThread "Stdin handler" [_thread_blocked, id=11392, stack(0x0000000020830000,0x0000000020930000)]
  0x000000001a749800 JavaThread "Asynchronous log dispatcher for DefaultDaemonConnection: socket connection from /127.0.0.1:3553 to /127.0.0.1:3158" [_thread_blocked, id=7136, stack(0x0000000020730000,0x0000000020830000)]
  0x000000001a74b000 JavaThread "Cancel handler" [_thread_blocked, id=4072, stack(0x000000001db90000,0x000000001dc90000)]
  0x000000001a74b800 JavaThread "Handler for socket connection from /127.0.0.1:3553 to /127.0.0.1:3158" [_thread_in_native, id=12024, stack(0x000000001d790000,0x000000001d890000)]
  0x000000001c4a8000 JavaThread "Cache worker for execution history cache (C:\Users\Aaqib Khan\.gradle\caches\6.1.1\executionHistory)" [_thread_blocked, id=12992, stack(0x0000000021c70000,0x0000000021d70000)]
  0x000000001c4a6000 JavaThread "Cache worker for file hash cache (C:\Users\Aaqib Khan\.gradle\caches\6.1.1\fileHashes)" [_thread_blocked, id=8448, stack(0x000000001e090000,0x000000001e190000)]
  0x000000001c4a2000 JavaThread "File lock request listener" [_thread_in_native, id=12528, stack(0x000000001df90000,0x000000001e090000)]
  0x000000001c491000 JavaThread "Cache worker for journal cache (C:\Users\Aaqib Khan\.gradle\caches\journal-1)" [_thread_blocked, id=4148, stack(0x000000001de90000,0x000000001df90000)]
  0x000000001c350800 JavaThread "Daemon worker" [_thread_blocked, id=3840, stack(0x000000001d890000,0x000000001d990000)]
  0x000000001bdcd800 JavaThread "Daemon" [_thread_blocked, id=3368, stack(0x000000001d390000,0x000000001d490000)]
  0x000000001bf15000 JavaThread "Daemon periodic checks" [_thread_blocked, id=1456, stack(0x000000001d290000,0x000000001d390000)]
  0x000000001c3e6800 JavaThread "Incoming local TCP Connector on port 3553" [_thread_in_native, id=12592, stack(0x000000001d050000,0x000000001d150000)]
  0x000000001b19c800 JavaThread "Daemon health stats" [_thread_blocked, id=3100, stack(0x000000001ba10000,0x000000001bb10000)]
  0x0000000019408800 JavaThread "Service Thread" daemon [_thread_blocked, id=11816, stack(0x000000001a040000,0x000000001a140000)]
  0x000000001754e800 JavaThread "C1 CompilerThread3" daemon [_thread_blocked, id=8072, stack(0x0000000019f40000,0x000000001a040000)]
  0x000000001754d800 JavaThread "C2 CompilerThread2" daemon [_thread_in_native, id=6556, stack(0x0000000019e40000,0x0000000019f40000)]
=>0x000000001754b800 JavaThread "C2 CompilerThread1" daemon [_thread_in_native, id=11108, stack(0x0000000019d40000,0x0000000019e40000)]
  0x0000000019374800 JavaThread "C2 CompilerThread0" daemon [_thread_in_native, id=7176, stack(0x0000000019c40000,0x0000000019d40000)]
  0x0000000019373800 JavaThread "Attach Listener" daemon [_thread_blocked, id=7180, stack(0x0000000019b40000,0x0000000019c40000)]
  0x0000000019376000 JavaThread "Signal Dispatcher" daemon [_thread_blocked, id=7968, stack(0x0000000019a40000,0x0000000019b40000)]
  0x00000000024cc800 JavaThread "Finalizer" daemon [_thread_blocked, id=5144, stack(0x0000000019840000,0x0000000019940000)]
  0x0000000019360800 JavaThread "Reference Handler" daemon [_thread_blocked, id=4144, stack(0x0000000019740000,0x0000000019840000)]
  0x0000000000a2e800 JavaThread "main" [_thread_blocked, id=11852, stack(0x00000000021e0000,0x00000000022e0000)]

Other Threads:
  0x0000000017538000 VMThread [stack: 0x0000000019240000,0x0000000019340000] [id=11908]
  0x0000000019409800 WatcherThread [stack: 0x000000001a140000,0x000000001a240000] [id=8500]

VM state:not at safepoint (normal execution)

VM Mutex/Monitor currently owned by a thread: None

heap address: 0x0000000080000000, size: 2048 MB, Compressed Oops mode: 32-bit
Narrow klass base: 0x0000000000000000, Narrow klass shift: 3
Compressed class space size: 1073741824 Address: 0x0000000100000000

Heap:
 PSYoungGen      total 443392K, used 223353K [0x00000000d5580000, 0x00000000f6a80000, 0x0000000100000000)
  eden space 413696K, 46% used [0x00000000d5580000,0x00000000e12a5890,0x00000000ee980000)
  from space 29696K, 99% used [0x00000000ee980000,0x00000000f0678ba8,0x00000000f0680000)
  to   space 40448K, 0% used [0x00000000f4300000,0x00000000f4300000,0x00000000f6a80000)
 ParOldGen       total 143872K, used 52782K [0x0000000080000000, 0x0000000088c80000, 0x00000000d5580000)
  object space 143872K, 36% used [0x0000000080000000,0x000000008338ba08,0x0000000088c80000)
 Metaspace       used 87496K, capacity 91978K, committed 92336K, reserved 1128448K
  class space    used 11461K, capacity 12339K, committed 12464K, reserved 1048576K

Card table byte_map: [0x0000000011890000,0x0000000011ca0000] byte_map_base: 0x0000000011490000

Marking Bits: (ParMarkBitMap*) 0x000000006d4af030
 Begin Bits: [0x0000000012750000, 0x0000000014750000)
 End Bits:   [0x0000000014750000, 0x0000000016750000)

Polling page: 0x00000000022e0000

CodeCache: size=245760Kb used=39730Kb max_used=39730Kb free=206029Kb
 bounds [0x00000000024d0000, 0x0000000004bd0000, 0x00000000114d0000]
 total_blobs=12600 nmethods=11716 adapters=796
 compilation: enabled

Compilation events (10 events):
Event: 64.205 Thread 0x000000001754e800 13808       3       org.gradle.api.internal.file.DefaultFileCollectionFactory$ResolvingFileCollection::visitContents (22 bytes)
Event: 64.206 Thread 0x000000001754e800 nmethod 13808 0x0000000003eafe10 code [0x0000000003eaff80, 0x0000000003eb0268]
Event: 64.208 Thread 0x000000001754e800 13809       3       com.google.common.collect.Iterables$4::iterator (17 bytes)
Event: 64.208 Thread 0x000000001754e800 nmethod 13809 0x00000000039b35d0 code [0x00000000039b37a0, 0x00000000039b3ee8]
Event: 64.218 Thread 0x000000001754e800 13811       3       org.gradle.execution.plan.DefaultExecutionPlan::recordNodeCompleted (144 bytes)
Event: 64.220 Thread 0x000000001754e800 nmethod 13811 0x0000000004bc9510 code [0x0000000004bc97e0, 0x0000000004bcaf18]
Event: 64.220 Thread 0x000000001754e800 13812       3       org.gradle.execution.plan.Node::getAllPredecessors (5 bytes)
Event: 64.220 Thread 0x000000001754e800 nmethod 13812 0x00000000039b3210 code [0x00000000039b3360, 0x00000000039b3550]
Event: 64.220 Thread 0x000000001754e800 13813       3       java.util.Collections$EmptyList::forEach (6 bytes)
Event: 64.220 Thread 0x000000001754e800 nmethod 13813 0x000000000340f6d0 code [0x000000000340f840, 0x000000000340fae8]

GC Heap History (10 events):
Event: 5.384 GC heap before
{Heap before GC invocations=10 (full 2):
 PSYoungGen      total 273408K, used 258048K [0x00000000d5580000, 0x00000000ecb00000, 0x0000000100000000)
  eden space 258048K, 100% used [0x00000000d5580000,0x00000000e5180000,0x00000000e5180000)
  from space 15360K, 0% used [0x00000000e5180000,0x00000000e5180000,0x00000000e6080000)
  to   space 14336K, 0% used [0x00000000ebd00000,0x00000000ebd00000,0x00000000ecb00000)
 ParOldGen       total 93184K, used 14715K [0x0000000080000000, 0x0000000085b00000, 0x00000000d5580000)
  object space 93184K, 15% used [0x0000000080000000,0x0000000080e5ec10,0x0000000085b00000)
 Metaspace       used 51241K, capacity 52974K, committed 53296K, reserved 1095680K
  class space    used 6799K, capacity 7156K, committed 7216K, reserved 1048576K
Event: 5.402 GC heap after
Heap after GC invocations=10 (full 2):
 PSYoungGen      total 360448K, used 14332K [0x00000000d5580000, 0x00000000ed580000, 0x0000000100000000)
  eden space 346112K, 0% used [0x00000000d5580000,0x00000000d5580000,0x00000000ea780000)
  from space 14336K, 99% used [0x00000000ebd00000,0x00000000ecaff330,0x00000000ecb00000)
  to   space 22016K, 0% used [0x00000000ea780000,0x00000000ea780000,0x00000000ebd00000)
 ParOldGen       total 93184K, used 26792K [0x0000000080000000, 0x0000000085b00000, 0x00000000d5580000)
  object space 93184K, 28% used [0x0000000080000000,0x0000000081a2a2e0,0x0000000085b00000)
 Metaspace       used 51241K, capacity 52974K, committed 53296K, reserved 1095680K
  class space    used 6799K, capacity 7156K, committed 7216K, reserved 1048576K
}
Event: 5.989 GC heap before
{Heap before GC invocations=11 (full 2):
 PSYoungGen      total 360448K, used 83953K [0x00000000d5580000, 0x00000000ed580000, 0x0000000100000000)
  eden space 346112K, 20% used [0x00000000d5580000,0x00000000d997d158,0x00000000ea780000)
  from space 14336K, 99% used [0x00000000ebd00000,0x00000000ecaff330,0x00000000ecb00000)
  to   space 22016K, 0% used [0x00000000ea780000,0x00000000ea780000,0x00000000ebd00000)
 ParOldGen       total 93184K, used 26792K [0x0000000080000000, 0x0000000085b00000, 0x00000000d5580000)
  object space 93184K, 28% used [0x0000000080000000,0x0000000081a2a2e0,0x0000000085b00000)
 Metaspace       used 56934K, capacity 59038K, committed 59160K, reserved 1099776K
  class space    used 7633K, capacity 8093K, committed 8112K, reserved 1048576K
Event: 6.004 GC heap after
Heap after GC invocations=11 (full 2):
 PSYoungGen      total 368128K, used 20332K [0x00000000d5580000, 0x00000000f2380000, 0x0000000100000000)
  eden space 346112K, 0% used [0x00000000d5580000,0x00000000d5580000,0x00000000ea780000)
  from space 22016K, 92% used [0x00000000ea780000,0x00000000ebb5b188,0x00000000ebd00000)
  to   space 24576K, 0% used [0x00000000f0b80000,0x00000000f0b80000,0x00000000f2380000)
 ParOldGen       total 93184K, used 26864K [0x0000000080000000, 0x0000000085b00000, 0x00000000d5580000)
  object space 93184K, 28% used [0x0000000080000000,0x0000000081a3c2f0,0x0000000085b00000)
 Metaspace       used 56934K, capacity 59038K, committed 59160K, reserved 1099776K
  class space    used 7633K, capacity 8093K, committed 8112K, reserved 1048576K
}
Event: 6.004 GC heap before
{Heap before GC invocations=12 (full 3):
 PSYoungGen      total 368128K, used 20332K [0x00000000d5580000, 0x00000000f2380000, 0x0000000100000000)
  eden space 346112K, 0% used [0x00000000d5580000,0x00000000d5580000,0x00000000ea780000)
  from space 22016K, 92% used [0x00000000ea780000,0x00000000ebb5b188,0x00000000ebd00000)
  to   space 24576K, 0% used [0x00000000f0b80000,0x00000000f0b80000,0x00000000f2380000)
 ParOldGen       total 93184K, used 26864K [0x0000000080000000, 0x0000000085b00000, 0x00000000d5580000)
  object space 93184K, 28% used [0x0000000080000000,0x0000000081a3c2f0,0x0000000085b00000)
 Metaspace       used 56934K, capacity 59038K, committed 59160K, reserved 1099776K
  class space    used 7633K, capacity 8093K, committed 8112K, reserved 1048576K
Event: 6.165 GC heap after
Heap after GC invocations=12 (full 3):
 PSYoungGen      total 368128K, used 0K [0x00000000d5580000, 0x00000000f2380000, 0x0000000100000000)
  eden space 346112K, 0% used [0x00000000d5580000,0x00000000d5580000,0x00000000ea780000)
  from space 22016K, 0% used [0x00000000ea780000,0x00000000ea780000,0x00000000ebd00000)
  to   space 24576K, 0% used [0x00000000f0b80000,0x00000000f0b80000,0x00000000f2380000)
 ParOldGen       total 143872K, used 33043K [0x0000000080000000, 0x0000000088c80000, 0x00000000d5580000)
  object space 143872K, 22% used [0x0000000080000000,0x0000000082044c50,0x0000000088c80000)
 Metaspace       used 56866K, capacity 58836K, committed 59160K, reserved 1099776K
  class space    used 7615K, capacity 8066K, committed 8112K, reserved 1048576K
}
Event: 8.779 GC heap before
{Heap before GC invocations=13 (full 3):
 PSYoungGen      total 368128K, used 346112K [0x00000000d5580000, 0x00000000f2380000, 0x0000000100000000)
  eden space 346112K, 100% used [0x00000000d5580000,0x00000000ea780000,0x00000000ea780000)
  from space 22016K, 0% used [0x00000000ea780000,0x00000000ea780000,0x00000000ebd00000)
  to   space 24576K, 0% used [0x00000000f0b80000,0x00000000f0b80000,0x00000000f2380000)
 ParOldGen       total 143872K, used 33043K [0x0000000080000000, 0x0000000088c80000, 0x00000000d5580000)
  object space 143872K, 22% used [0x0000000080000000,0x0000000082044c50,0x0000000088c80000)
 Metaspace       used 72756K, capacity 76116K, committed 76208K, reserved 1114112K
  class space    used 9923K, capacity 10612K, committed 10672K, reserved 1048576K
Event: 8.801 GC heap after
Heap after GC invocations=13 (full 3):
 PSYoungGen      total 431104K, used 24571K [0x00000000d5580000, 0x00000000f2380000, 0x0000000100000000)
  eden space 406528K, 0% used [0x00000000d5580000,0x00000000d5580000,0x00000000ee280000)
  from space 24576K, 99% used [0x00000000f0b80000,0x00000000f237ef80,0x00000000f2380000)
  to   space 29696K, 0% used [0x00000000ee980000,0x00000000ee980000,0x00000000f0680000)
 ParOldGen       total 143872K, used 37230K [0x0000000080000000, 0x0000000088c80000, 0x00000000d5580000)
  object space 143872K, 25% used [0x0000000080000000,0x000000008245bb68,0x0000000088c80000)
 Metaspace       used 72756K, capacity 76116K, committed 76208K, reserved 1114112K
  class space    used 9923K, capacity 10612K, committed 10672K, reserved 1048576K
}
Event: 60.976 GC heap before
{Heap before GC invocations=14 (full 3):
 PSYoungGen      total 431104K, used 431099K [0x00000000d5580000, 0x00000000f2380000, 0x0000000100000000)
  eden space 406528K, 100% used [0x00000000d5580000,0x00000000ee280000,0x00000000ee280000)
  from space 24576K, 99% used [0x00000000f0b80000,0x00000000f237ef80,0x00000000f2380000)
  to   space 29696K, 0% used [0x00000000ee980000,0x00000000ee980000,0x00000000f0680000)
 ParOldGen       total 143872K, used 37230K [0x0000000080000000, 0x0000000088c80000, 0x00000000d5580000)
  object space 143872K, 25% used [0x0000000080000000,0x000000008245bb68,0x0000000088c80000)
 Metaspace       used 86072K, capacity 90452K, committed 90544K, reserved 1128448K
  class space    used 11333K, capacity 12188K, committed 12208K, reserved 1048576K
Event: 61.019 GC heap after
Heap after GC invocations=14 (full 3):
 PSYoungGen      total 443392K, used 29666K [0x00000000d5580000, 0x00000000f6a80000, 0x0000000100000000)
  eden space 413696K, 0% used [0x00000000d5580000,0x00000000d5580000,0x00000000ee980000)
  from space 29696K, 99% used [0x00000000ee980000,0x00000000f0678ba8,0x00000000f0680000)
  to   space 40448K, 0% used [0x00000000f4300000,0x00000000f4300000,0x00000000f6a80000)
 ParOldGen       total 143872K, used 52782K [0x0000000080000000, 0x0000000088c80000, 0x00000000d5580000)
  object space 143872K, 36% used [0x0000000080000000,0x000000008338ba08,0x0000000088c80000)
 Metaspace       used 86072K, capacity 90452K, committed 90544K, reserved 1128448K
  class space    used 11333K, capacity 12188K, committed 12208K, reserved 1048576K
}

Deoptimization events (10 events):
Event: 64.097 Thread 0x000000001facb000 Uncommon trap: reason=null_check action=make_not_entrant pc=0x0000000003c27d74 method=com.sun.org.apache.xerces.internal.dom.NamedNodeMapImpl.findNamePoint(Ljava/lang/String;Ljava/lang/String;)I @ 105
Event: 64.138 Thread 0x000000001facb000 Uncommon trap: reason=unstable_if action=reinterpret pc=0x000000000280df98 method=java.util.HashMap.removeNode(ILjava/lang/Object;Ljava/lang/Object;ZZ)Ljava/util/HashMap$Node; @ 71
Event: 64.167 Thread 0x000000001facb000 Uncommon trap: reason=bimorphic action=maybe_recompile pc=0x00000000049bc1d4 method=java.io.Writer.append(Ljava/lang/CharSequence;)Ljava/io/Writer; @ 20
Event: 64.169 Thread 0x000000001facb000 Uncommon trap: reason=unstable_if action=reinterpret pc=0x000000000295e35c method=org.gradle.internal.logging.text.AbstractLineChoppingStyledTextOutput$2.execute(Lorg/gradle/internal/logging/text/AbstractLineChoppingStyledTextOutput$StateContext;)V @ 30
Event: 64.169 Thread 0x000000001facb000 Uncommon trap: reason=class_check action=maybe_recompile pc=0x0000000003f2a804 method=org.gradle.internal.operations.logging.LoggingBuildOperationProgressBroadcaster.onOutput(Lorg/gradle/internal/logging/events/OutputEvent;)V @ 8
Event: 64.181 Thread 0x000000001facb000 Uncommon trap: reason=class_check action=maybe_recompile pc=0x00000000049e4818 method=com.google.gson.stream.JsonWriter.beforeName()V @ 16
Event: 64.181 Thread 0x000000001facb000 Uncommon trap: reason=class_check action=maybe_recompile pc=0x00000000049e5928 method=com.google.gson.stream.JsonWriter.beforeName()V @ 16
Event: 64.184 Thread 0x000000001facb000 Uncommon trap: reason=bimorphic action=maybe_recompile pc=0x00000000049bc1d4 method=java.io.Writer.append(Ljava/lang/CharSequence;)Ljava/io/Writer; @ 20
Event: 64.187 Thread 0x000000001facb000 Uncommon trap: reason=bimorphic action=maybe_recompile pc=0x00000000049bc1d4 method=java.io.Writer.append(Ljava/lang/CharSequence;)Ljava/io/Writer; @ 20
Event: 64.203 Thread 0x000000001fad2800 Uncommon trap: reason=unstable_if action=reinterpret pc=0x00000000043c2ba8 method=com.google.common.collect.ImmutableMultimap$1.hasNext()Z @ 9

Classes redefined (0 events):
No events

Internal exceptions (10 events):
Event: 62.631 Thread 0x000000001facd800 Implicit null exception at 0x00000000049c9895 to 0x00000000049c73d1
Event: 62.724 Thread 0x000000001facd800 Implicit null exception at 0x00000000049c9895 to 0x00000000049c73d1
Event: 62.967 Thread 0x000000001facd800 Exception <a 'java/lang/NoSuchMethodError': <clinit>> (0x00000000dd13e2f8) thrown at [C:\src\AOSP-openjdk-git\hotspot\src\share\vm\prims\jni.cpp, line 1615]
Event: 62.970 Thread 0x000000001facd800 Exception <a 'java/lang/NoSuchMethodError': <clinit>> (0x00000000dd14e730) thrown at [C:\src\AOSP-openjdk-git\hotspot\src\share\vm\prims\jni.cpp, line 1615]
Event: 62.971 Thread 0x000000001facd800 Exception <a 'java/lang/NoSuchMethodError': <clinit>> (0x00000000dd161f50) thrown at [C:\src\AOSP-openjdk-git\hotspot\src\share\vm\prims\jni.cpp, line 1615]
Event: 63.944 Thread 0x000000001facb000 Exception <a 'sun/nio/fs/WindowsException'> (0x00000000df995518) thrown at [C:\src\AOSP-openjdk-git\hotspot\src\share\vm\prims\jni.cpp, line 710]
Event: 63.944 Thread 0x000000001facb000 Exception <a 'sun/nio/fs/WindowsException'> (0x00000000df9965e0) thrown at [C:\src\AOSP-openjdk-git\hotspot\src\share\vm\prims\jni.cpp, line 710]
Event: 63.944 Thread 0x000000001facb000 Exception <a 'sun/nio/fs/WindowsException'> (0x00000000df9971a8) thrown at [C:\src\AOSP-openjdk-git\hotspot\src\share\vm\prims\jni.cpp, line 710]
Event: 63.944 Thread 0x000000001facb000 Exception <a 'sun/nio/fs/WindowsException'> (0x00000000df998220) thrown at [C:\src\AOSP-openjdk-git\hotspot\src\share\vm\prims\jni.cpp, line 710]
Event: 64.097 Thread 0x000000001facb000 Implicit null exception at 0x0000000003c27349 to 0x0000000003c27d4c

Events (10 events):
Event: 64.182 loading class com/android/build/gradle/internal/scope/OutputFactory$1 done
Event: 64.184 Thread 0x000000001facb000 Uncommon trap: trap_request=0xffffffc6 fr.pc=0x00000000049bc1d4
Event: 64.184 Thread 0x000000001facb000 DEOPT PACKING pc=0x00000000049bc1d4 sp=0x0000000029f0b130
Event: 64.184 Thread 0x000000001facb000 DEOPT UNPACKING pc=0x000000000251557b sp=0x0000000029f0b130 mode 2
Event: 64.187 Thread 0x000000001facb000 Uncommon trap: trap_request=0xffffffc6 fr.pc=0x00000000049bc1d4
Event: 64.187 Thread 0x000000001facb000 DEOPT PACKING pc=0x00000000049bc1d4 sp=0x0000000029f0b130
Event: 64.187 Thread 0x000000001facb000 DEOPT UNPACKING pc=0x000000000251557b sp=0x0000000029f0b130 mode 2
Event: 64.203 Thread 0x000000001fad2800 Uncommon trap: trap_request=0xffffff65 fr.pc=0x00000000043c2ba8
Event: 64.203 Thread 0x000000001fad2800 DEOPT PACKING pc=0x00000000043c2ba8 sp=0x000000002a80e690
Event: 64.203 Thread 0x000000001fad2800 DEOPT UNPACKING pc=0x000000000251557b sp=0x000000002a80e630 mode 2


Dynamic libraries:
0x00007ff6bdd40000 - 0x00007ff6bdd71000 	C:\Program Files\Android\Android Studio1\jre\bin\java.exe
0x00007ffec6570000 - 0x00007ffec6766000 	C:\WINDOWS\SYSTEM32\ntdll.dll
0x00007ffec6470000 - 0x00007ffec652d000 	C:\WINDOWS\System32\KERNEL32.DLL
0x00007ffec4300000 - 0x00007ffec45c9000 	C:\WINDOWS\System32\KERNELBASE.dll
0x00007ffec61e0000 - 0x00007ffec628c000 	C:\WINDOWS\System32\ADVAPI32.dll
0x00007ffec6290000 - 0x00007ffec632e000 	C:\WINDOWS\System32\msvcrt.dll
0x00007ffec6000000 - 0x00007ffec609c000 	C:\WINDOWS\System32\sechost.dll
0x00007ffec60a0000 - 0x00007ffec61cb000 	C:\WINDOWS\System32\RPCRT4.dll
0x00007ffec53b0000 - 0x00007ffec5550000 	C:\WINDOWS\System32\USER32.dll
0x00007ffec3e00000 - 0x00007ffec3e22000 	C:\WINDOWS\System32\win32u.dll
0x00007ffec57b0000 - 0x00007ffec57da000 	C:\WINDOWS\System32\GDI32.dll
0x00007ffec3ee0000 - 0x00007ffec3feb000 	C:\WINDOWS\System32\gdi32full.dll
0x00007ffec4230000 - 0x00007ffec42cd000 	C:\WINDOWS\System32\msvcp_win.dll
0x00007ffec3d00000 - 0x00007ffec3e00000 	C:\WINDOWS\System32\ucrtbase.dll
0x00007ffeb3070000 - 0x00007ffeb330b000 	C:\WINDOWS\WinSxS\amd64_microsoft.windows.common-controls_6595b64144ccf1df_6.0.19041.746_none_ca02b4b61b8320a4\COMCTL32.dll
0x00007ffec5890000 - 0x00007ffec58c0000 	C:\WINDOWS\System32\IMM32.DLL
0x000000006c8d0000 - 0x000000006c9a2000 	C:\Program Files\Android\Android Studio1\jre\jre\bin\msvcr100.dll
0x000000006cce0000 - 0x000000006d52b000 	C:\Program Files\Android\Android Studio1\jre\jre\bin\server\jvm.dll
0x00007ffec61d0000 - 0x00007ffec61d8000 	C:\WINDOWS\System32\PSAPI.DLL
0x00007ffeba0f0000 - 0x00007ffeba117000 	C:\WINDOWS\SYSTEM32\WINMM.dll
0x00007ffebd330000 - 0x00007ffebd339000 	C:\WINDOWS\SYSTEM32\WSOCK32.dll
0x00007ffec2490000 - 0x00007ffec249a000 	C:\WINDOWS\SYSTEM32\VERSION.dll
0x00007ffec6330000 - 0x00007ffec639b000 	C:\WINDOWS\System32\WS2_32.dll
0x00007ffebd2c0000 - 0x00007ffebd2cf000 	C:\Program Files\Android\Android Studio1\jre\jre\bin\verify.dll
0x00007ffebd290000 - 0x00007ffebd2b9000 	C:\Program Files\Android\Android Studio1\jre\jre\bin\java.dll
0x00007ffebd270000 - 0x00007ffebd286000 	C:\Program Files\Android\Android Studio1\jre\jre\bin\zip.dll
0x00007ffec4c60000 - 0x00007ffec53a3000 	C:\WINDOWS\System32\SHELL32.dll
0x00007ffec1c50000 - 0x00007ffec23df000 	C:\WINDOWS\SYSTEM32\windows.storage.dll
0x00007ffec5b80000 - 0x00007ffec5ed6000 	C:\WINDOWS\System32\combase.dll
0x00007ffec3710000 - 0x00007ffec373c000 	C:\WINDOWS\SYSTEM32\Wldp.dll
0x00007ffec58c0000 - 0x00007ffec596e000 	C:\WINDOWS\System32\SHCORE.dll
0x00007ffec4bf0000 - 0x00007ffec4c45000 	C:\WINDOWS\System32\shlwapi.dll
0x00007ffec3be0000 - 0x00007ffec3c06000 	C:\WINDOWS\SYSTEM32\profapi.dll
0x00007ffebccf0000 - 0x00007ffebcd0a000 	C:\Program Files\Android\Android Studio1\jre\jre\bin\net.dll
0x00007ffec3490000 - 0x00007ffec34fa000 	C:\WINDOWS\system32\mswsock.dll
0x00007ffebc2b0000 - 0x00007ffebc2c3000 	C:\Program Files\Android\Android Studio1\jre\jre\bin\nio.dll
0x00007ffe757a0000 - 0x00007ffe757c6000 	C:\Users\Aaqib Khan\.gradle\native\31\windows-amd64\native-platform.dll
0x00007ffebd260000 - 0x00007ffebd26d000 	C:\Program Files\Android\Android Studio1\jre\jre\bin\management.dll
0x00007ffec3660000 - 0x00007ffec3678000 	C:\WINDOWS\SYSTEM32\CRYPTSP.dll
0x00007ffec2dc0000 - 0x00007ffec2df4000 	C:\WINDOWS\system32\rsaenh.dll
0x00007ffec42d0000 - 0x00007ffec42f7000 	C:\WINDOWS\System32\bcrypt.dll
0x00007ffec3ba0000 - 0x00007ffec3bce000 	C:\WINDOWS\SYSTEM32\USERENV.dll
0x00007ffec41b0000 - 0x00007ffec4230000 	C:\WINDOWS\System32\bcryptprimitives.dll
0x00007ffec3680000 - 0x00007ffec368c000 	C:\WINDOWS\SYSTEM32\CRYPTBASE.dll
0x00007ffec3130000 - 0x00007ffec316b000 	C:\WINDOWS\SYSTEM32\IPHLPAPI.DLL
0x00007ffec5780000 - 0x00007ffec5788000 	C:\WINDOWS\System32\NSI.dll
0x00007ffeba690000 - 0x00007ffeba6a7000 	C:\WINDOWS\SYSTEM32\dhcpcsvc6.DLL
0x00007ffebc4c0000 - 0x00007ffebc4dd000 	C:\WINDOWS\SYSTEM32\dhcpcsvc.DLL
0x00007ffec3170000 - 0x00007ffec323b000 	C:\WINDOWS\SYSTEM32\DNSAPI.dll
0x00007ffe9f5f0000 - 0x00007ffe9f614000 	C:\Program Files\Android\Android Studio1\jre\jre\bin\sunec.dll
0x00007ffeb4c70000 - 0x00007ffeb4c7a000 	C:\Windows\System32\rasadhlp.dll
0x00007ffeb4e90000 - 0x00007ffeb4f0f000 	C:\WINDOWS\System32\fwpuclnt.dll
0x00007ffea70e0000 - 0x00007ffea70eb000 	C:\Program Files\Android\Android Studio1\jre\jre\bin\sunmscapi.dll
0x00007ffec3ff0000 - 0x00007ffec4146000 	C:\WINDOWS\System32\CRYPT32.dll
0x00007ffec1200000 - 0x00007ffec1290000 	C:\WINDOWS\system32\apphelp.dll

VM Arguments:
jvm_args: -Xmx2048m -Dfile.encoding=windows-1252 -Duser.country=IN -Duser.language=en -Duser.variant 
java_command: org.gradle.launcher.daemon.bootstrap.GradleDaemon 6.1.1
java_class_path (initial): C:\Users\Aaqib Khan\.gradle\wrapper\dists\gradle-6.1.1-all\cfmwm155h49vnt3hynmlrsdst\gradle-6.1.1\lib\gradle-launcher-6.1.1.jar
Launcher Type: SUN_STANDARD

Environment Variables:
PATH=C:\WINDOWS\system32;C:\WINDOWS;C:\WINDOWS\System32\Wbem;C:\WINDOWS\System32\WindowsPowerShell\v1.0\;C:\WINDOWS\System32\OpenSSH\;C:\Program Files (x86)\Intel\Intel(R) Management Engine Components\DAL;C:\Program Files\Intel\Intel(R) Management Engine Components\DAL;C:\Program Files\dotnet\;C:\Program Files\Microsoft SQL Server\130\Tools\Binn\;C:\Program Files (x86)\Microsoft SQL Server\150\DTS\Binn\;C:\Program Files\Microsoft SQL Server\Client SDK\ODBC\170\Tools\Binn\;C:\Program Files\Git\cmd;C:\Users\Aaqib Khan\AppData\Local\Programs\Python\Python39\Scripts\;C:\Users\Aaqib Khan\AppData\Local\Programs\Python\Python39\;C:\Users\Aaqib Khan\AppData\Local\Microsoft\WindowsApps;C:\Users\Aaqib Khan\AppData\Local\Programs\Microsoft VS Code\bin;C:\Users\Aaqib Khan\.dotnet\tools;C:\Users\Aaqib Khan\.dotnet\tools;C:\Program Files\nodejs;
USERNAME=Aaqib Khan
OS=Windows_NT
PROCESSOR_IDENTIFIER=Intel64 Family 6 Model 158 Stepping 10, GenuineIntel



---------------  S Y S T E M  ---------------

OS: Windows 10.0 , 64 bit Build 19041 (10.0.19041.662)

CPU:total 8 (initial active 8) (4 cores per cpu, 2 threads per core) family 6 model 158 stepping 10, cmov, cx8, fxsr, mmx, sse, sse2, sse3, ssse3, sse4.1, sse4.2, popcnt, avx, avx2, aes, clmul, erms, 3dnowpref, lzcnt, ht, tsc, tscinvbit, bmi1, bmi2, adx

Memory: 4k page, physical 8227124k(1417780k free), swap 8227124k(4884k free)

vm_info: OpenJDK 64-Bit Server VM (25.242-b01) for windows-amd64 JRE (1.8.0_242-release-1644-b01), built by "builder" with MS VC++ 10.0 (VS2010)

time: Sun Feb 14 21:20:03 2021
timezone: India Standard Time
elapsed time: 64 seconds (0d 0h 1m 4s)

