#
# There is insufficient memory for the Java Runtime Environment to continue.
# Native memory allocation (malloc) failed to allocate 1046576 bytes for Chunk::new
# Possible reasons:
#   The system is out of physical RAM or swap space
#   The process is running with CompressedOops enabled, and the Java Heap may be blocking the growth of the native heap
# Possible solutions:
#   Reduce memory load on the system
#   Increase physical memory or swap space
#   Check if swap backing store is full
#   Decrease Java heap size (-Xmx/-Xms)
#   Decrease number of Java threads
#   Decrease Java thread stack sizes (-Xss)
#   Set larger code cache with -XX:ReservedCodeCacheSize=
#   JVM is running with Unscaled Compressed Oops mode in which the Java heap is
#     placed in the first 4GB address space. The Java Heap base address is the
#     maximum limit for the native heap growth. Please use -XX:HeapBaseMinAddress
#     to set the Java Heap base and to place the Java Heap above 4GB virtual address.
# This output file may be truncated or incomplete.
#
#  Out of Memory Error (allocation.cpp:389), pid=13592, tid=0x000000000000363c
#
# JRE version: OpenJDK Runtime Environment (8.0_242-b01) (build 1.8.0_242-release-1644-b01)
# Java VM: OpenJDK 64-Bit Server VM (25.242-b01 mixed mode windows-amd64 compressed oops)
# Failed to write core dump. Minidumps are not enabled by default on client versions of Windows
#

---------------  T H R E A D  ---------------

Current thread (0x00000000199e7800):  JavaThread "C2 CompilerThread2" daemon [_thread_in_native, id=13884, stack(0x000000001a4b0000,0x000000001a5b0000)]

Stack: [0x000000001a4b0000,0x000000001a5b0000]
[error occurred during error reporting (printing stack bounds), id 0xc0000005]

Native frames: (J=compiled Java code, j=interpreted, Vv=VM code, C=native code)


Current CompileTask:
C2:  19581 17803       4       com.android.tools.r8.ir.conversion.N::a (737 bytes)


---------------  P R O C E S S  ---------------

Java Threads: ( => current thread )
  0x000000001c1a2800 JavaThread "Cache worker for Java compile cache (C:\Users\Aaqib Khan\AndroidStudioProjects\EASAndroid\.gradle\6.1.1\javaCompile)" [_thread_blocked, id=9100, stack(0x000000002b920000,0x000000002ba20000)]
  0x000000001c1a5800 JavaThread "Cache worker for Java compile cache (C:\Users\Aaqib Khan\.gradle\caches\6.1.1\javaCompile)" [_thread_blocked, id=7524, stack(0x000000002a2f0000,0x000000002a3f0000)]
  0x000000001be8f800 JavaThread "stdout" [_thread_in_native, id=8288, stack(0x000000002bdd0000,0x000000002bed0000)]
  0x000000001be8e800 JavaThread "stderr" [_thread_in_native, id=8276, stack(0x000000002bcd0000,0x000000002bdd0000)]
  0x000000001be8e000 JavaThread "stdout" [_thread_in_native, id=12152, stack(0x000000002bbd0000,0x000000002bcd0000)]
  0x000000001be8d000 JavaThread "stderr" [_thread_in_native, id=14128, stack(0x000000002bad0000,0x000000002bbd0000)]
  0x000000001be8c000 JavaThread "stdout" [_thread_in_native, id=6532, stack(0x000000002b820000,0x000000002b920000)]
  0x000000001be84800 JavaThread "stderr" [_thread_in_native, id=6792, stack(0x000000002b720000,0x000000002b820000)]
  0x000000001be87000 JavaThread "stdout" [_thread_in_native, id=13348, stack(0x000000002b620000,0x000000002b720000)]
  0x000000001be85800 JavaThread "stderr" [_thread_in_native, id=13336, stack(0x000000002b520000,0x000000002b620000)]
  0x000000001be8b800 JavaThread "stdout" [_thread_in_native, id=14312, stack(0x000000002b420000,0x000000002b520000)]
  0x000000001be8a800 JavaThread "stderr" [_thread_in_native, id=14276, stack(0x0000000029dd0000,0x0000000029ed0000)]
  0x000000001be83000 JavaThread "stdout" [_thread_in_native, id=14304, stack(0x000000002a1f0000,0x000000002a2f0000)]
  0x000000001be89000 JavaThread "stderr" [_thread_in_native, id=14308, stack(0x000000002a0f0000,0x000000002a1f0000)]
  0x000000001be86000 JavaThread "stdout" [_thread_in_native, id=14244, stack(0x0000000029ff0000,0x000000002a0f0000)]
  0x000000001be84000 JavaThread "stderr" [_thread_in_native, id=14248, stack(0x0000000029ef0000,0x0000000029ff0000)]
  0x000000001be81800 JavaThread "WorkerExecutor Queue Thread 7" [_thread_blocked, id=9124, stack(0x0000000029bd0000,0x0000000029cd0000)]
  0x000000001be82800 JavaThread "WorkerExecutor Queue Thread 5" [_thread_blocked, id=6660, stack(0x00000000299d0000,0x0000000029ad0000)]
  0x00000000233f4800 JavaThread "WorkerExecutor Queue Thread 4" [_thread_blocked, id=12496, stack(0x00000000298d0000,0x00000000299d0000)]
  0x00000000233f4000 JavaThread "WorkerExecutor Queue Thread 3" [_thread_blocked, id=3876, stack(0x00000000297d0000,0x00000000298d0000)]
  0x00000000233f2800 JavaThread "WorkerExecutor Queue Thread 2" [_thread_blocked, id=6680, stack(0x00000000296d0000,0x00000000297d0000)]
  0x00000000233ef800 JavaThread "WorkerExecutor Queue" [_thread_blocked, id=6668, stack(0x00000000295d0000,0x00000000296d0000)]
  0x00000000233f3000 JavaThread "stdout" [_thread_in_native, id=14156, stack(0x00000000292d0000,0x00000000293d0000)]
  0x00000000233e7000 JavaThread "stderr" [_thread_in_native, id=14152, stack(0x00000000291d0000,0x00000000292d0000)]
  0x00000000233ee000 JavaThread "pool-2-thread-1" [_thread_blocked, id=6192, stack(0x0000000028ee0000,0x0000000028fe0000)]
  0x00000000233e5800 JavaThread "Cache worker for execution history cache (C:\Users\Aaqib Khan\AndroidStudioProjects\EASAndroid\.gradle\6.1.1\executionHistory)" [_thread_blocked, id=5448, stack(0x00000000290d0000,0x00000000291d0000)]
  0x00000000233ea000 JavaThread "Execution worker for ':' Thread 7" [_thread_in_Java, id=11660, stack(0x0000000027970000,0x0000000027a70000)]
  0x00000000233e9000 JavaThread "Execution worker for ':' Thread 6" [_thread_in_native, id=13800, stack(0x0000000027870000,0x0000000027970000)]
  0x00000000233eb800 JavaThread "Execution worker for ':' Thread 5" [_thread_in_Java, id=14036, stack(0x0000000027770000,0x0000000027870000)]
  0x00000000233e8800 JavaThread "Execution worker for ':' Thread 4" [_thread_in_native, id=14060, stack(0x0000000027670000,0x0000000027770000)]
  0x000000001e81a000 JavaThread "Execution worker for ':' Thread 3" [_thread_in_Java, id=14068, stack(0x0000000027570000,0x0000000027670000)]
  0x000000001e819800 JavaThread "Execution worker for ':' Thread 2" [_thread_in_Java, id=14064, stack(0x0000000027470000,0x0000000027570000)]
  0x000000001e818800 JavaThread "Execution worker for ':'" [_thread_in_Java, id=14092, stack(0x0000000026ca0000,0x0000000026da0000)]
  0x000000001e81e800 JavaThread "Cache worker for file content cache (C:\Users\Aaqib Khan\AndroidStudioProjects\EASAndroid\.gradle\6.1.1\fileContent)" [_thread_blocked, id=14040, stack(0x0000000025b30000,0x0000000025c30000)]
  0x000000001e81d000 JavaThread "Cache worker for file content cache (C:\Users\Aaqib Khan\.gradle\caches\6.1.1\fileContent)" [_thread_blocked, id=14052, stack(0x0000000025930000,0x0000000025a30000)]
  0x000000001e81c800 JavaThread "Memory manager" [_thread_blocked, id=14048, stack(0x0000000025200000,0x0000000025300000)]
  0x000000001e81f800 JavaThread "Cache worker for Build Output Cleanup Cache (C:\Users\Aaqib Khan\AndroidStudioProjects\EASAndroid\.gradle\buildOutputCleanup)" [_thread_blocked, id=5732, stack(0x0000000024f00000,0x0000000025000000)]
  0x000000001e81b800 JavaThread "pool-1-thread-1" [_thread_blocked, id=5736, stack(0x0000000023da0000,0x0000000023ea0000)]
  0x000000001e815000 JavaThread "Build operations Thread 8" [_thread_blocked, id=13960, stack(0x0000000024800000,0x0000000024900000)]
  0x000000001e813800 JavaThread "Build operations Thread 7" [_thread_blocked, id=13992, stack(0x0000000024700000,0x0000000024800000)]
  0x000000001e812800 JavaThread "Build operations Thread 6" [_thread_blocked, id=13968, stack(0x0000000024600000,0x0000000024700000)]
  0x000000001e816800 JavaThread "Build operations Thread 5" [_thread_blocked, id=13964, stack(0x0000000024500000,0x0000000024600000)]
  0x000000001e815800 JavaThread "Build operations Thread 4" [_thread_blocked, id=13956, stack(0x0000000024400000,0x0000000024500000)]
  0x000000001e818000 JavaThread "Build operations Thread 3" [_thread_blocked, id=14008, stack(0x0000000024300000,0x0000000024400000)]
  0x000000001e817000 JavaThread "Build operations Thread 2" [_thread_blocked, id=13972, stack(0x0000000024200000,0x0000000024300000)]
  0x000000001e810800 JavaThread "Build operations" [_thread_blocked, id=13976, stack(0x0000000023eb0000,0x0000000023fb0000)]
  0x000000001c9d9800 JavaThread "Cache worker for execution history cache (C:\Users\Aaqib Khan\.gradle\caches\6.1.1\executionHistory)" [_thread_blocked, id=13932, stack(0x00000000222d0000,0x00000000223d0000)]
  0x000000001c9d6800 JavaThread "Cache worker for cache directory md-rule (C:\Users\Aaqib Khan\.gradle\caches\6.1.1\md-rule)" [_thread_blocked, id=13984, stack(0x0000000021130000,0x0000000021230000)]
  0x000000001c9d4000 JavaThread "Cache worker for cache directory md-supplier (C:\Users\Aaqib Khan\.gradle\caches\6.1.1\md-supplier)" [_thread_blocked, id=13988, stack(0x0000000020b90000,0x0000000020c90000)]
  0x000000001c9d3800 JavaThread "Cache worker for file hash cache (C:\Users\Aaqib Khan\AndroidStudioProjects\EASAndroid\.gradle\6.1.1\fileHashes)" [_thread_blocked, id=13996, stack(0x0000000020e30000,0x0000000020f30000)]
  0x000000001c9d8800 JavaThread "Cache worker for checksums cache (C:\Users\Aaqib Khan\AndroidStudioProjects\EASAndroid\.gradle\checksums)" [_thread_blocked, id=14000, stack(0x0000000020d30000,0x0000000020e30000)]
  0x000000001c9d8000 JavaThread "Cache worker for file hash cache (C:\Users\Aaqib Khan\.gradle\caches\6.1.1\fileHashes)" [_thread_blocked, id=14004, stack(0x000000001e6f0000,0x000000001e7f0000)]
  0x000000001c9d7000 JavaThread "File lock request listener" [_thread_in_native, id=14012, stack(0x000000001e5f0000,0x000000001e6f0000)]
  0x000000001cb67800 JavaThread "Cache worker for journal cache (C:\Users\Aaqib Khan\.gradle\caches\journal-1)" [_thread_blocked, id=14016, stack(0x000000001e4f0000,0x000000001e5f0000)]
  0x000000001bf7f800 JavaThread "Thread-9" [_thread_blocked, id=14020, stack(0x000000001e1f0000,0x000000001e2f0000)]
  0x000000001ca20000 JavaThread "Stdin handler" [_thread_blocked, id=14024, stack(0x000000001e0f0000,0x000000001e1f0000)]
  0x000000001bf7f000 JavaThread "Asynchronous log dispatcher for DefaultDaemonConnection: socket connection from /127.0.0.1:3196 to /127.0.0.1:3197" [_thread_blocked, id=13940, stack(0x000000001dff0000,0x000000001e0f0000)]
  0x000000001bf7d000 JavaThread "Daemon worker" [_thread_in_native, id=13948, stack(0x000000001def0000,0x000000001dff0000)]
  0x000000001a9d3800 JavaThread "Cancel handler" [_thread_blocked, id=13816, stack(0x000000001ddf0000,0x000000001def0000)]
  0x000000001c864800 JavaThread "Handler for socket connection from /127.0.0.1:3196 to /127.0.0.1:3197" [_thread_in_native, id=13840, stack(0x000000001daf0000,0x000000001dbf0000)]
  0x000000001c864000 JavaThread "Daemon" [_thread_blocked, id=13848, stack(0x000000001d9f0000,0x000000001daf0000)]
  0x000000001c981800 JavaThread "Daemon periodic checks" [_thread_blocked, id=13808, stack(0x000000001d8f0000,0x000000001d9f0000)]
  0x000000001c6c1000 JavaThread "Incoming local TCP Connector on port 3196" [_thread_in_native, id=13844, stack(0x000000001d6b0000,0x000000001d7b0000)]
  0x000000001b59a800 JavaThread "Daemon health stats" [_thread_blocked, id=13872, stack(0x000000001c080000,0x000000001c180000)]
  0x0000000019a70000 JavaThread "Service Thread" daemon [_thread_blocked, id=13876, stack(0x000000001a6b0000,0x000000001a7b0000)]
  0x0000000019a05000 JavaThread "C1 CompilerThread3" daemon [_thread_blocked, id=13880, stack(0x000000001a5b0000,0x000000001a6b0000)]
=>0x00000000199e7800 JavaThread "C2 CompilerThread2" daemon [_thread_in_native, id=13884, stack(0x000000001a4b0000,0x000000001a5b0000)]
  0x0000000017bce000 JavaThread "C2 CompilerThread1" daemon [_thread_in_native, id=13888, stack(0x000000001a3b0000,0x000000001a4b0000)]
  0x0000000017bca800 JavaThread "C2 CompilerThread0" daemon [_thread_in_native, id=13892, stack(0x000000001a2b0000,0x000000001a3b0000)]
  0x0000000017bc9000 JavaThread "Attach Listener" daemon [_thread_blocked, id=13896, stack(0x000000001a1b0000,0x000000001a2b0000)]
  0x00000000199d4800 JavaThread "Signal Dispatcher" daemon [_thread_blocked, id=13900, stack(0x000000001a0b0000,0x000000001a1b0000)]
  0x0000000002b4c800 JavaThread "Finalizer" daemon [_thread_blocked, id=13904, stack(0x0000000019ea0000,0x0000000019fa0000)]
  0x00000000199c0800 JavaThread "Reference Handler" daemon [_thread_blocked, id=13296, stack(0x0000000019da0000,0x0000000019ea0000)]
  0x000000000293e800 JavaThread "main" [_thread_blocked, id=13220, stack(0x0000000002950000,0x0000000002a50000)]

Other Threads:
  0x0000000017bb8000 VMThread [stack: 0x00000000198a0000,0x00000000199a0000] [id=13820]
  0x0000000019a43800 WatcherThread [stack: 0x000000001a7b0000,0x000000001a8b0000] [id=13868]

VM state:not at safepoint (normal execution)

VM Mutex/Monitor currently owned by a thread: None

OutOfMemory and StackOverflow Exception counts:
OutOfMemoryError java_heap_errors=1

heap address: 0x0000000080000000, size: 2048 MB, Compressed Oops mode: 32-bit
Narrow klass base: 0x0000000000000000, Narrow klass shift: 3
Compressed class space size: 1073741824 Address: 0x0000000100000000

Heap:
 PSYoungGen      total 643584K, used 107273K [0x00000000d5580000, 0x0000000100000000, 0x0000000100000000)
  eden space 585728K, 18% used [0x00000000d5580000,0x00000000dbe42660,0x00000000f9180000)
  from space 57856K, 0% used [0x00000000fc780000,0x00000000fc780000,0x0000000100000000)
  to   space 55296K, 0% used [0x00000000f9180000,0x00000000f9180000,0x00000000fc780000)
 ParOldGen       total 242176K, used 93125K [0x0000000080000000, 0x000000008ec80000, 0x00000000d5580000)
  object space 242176K, 38% used [0x0000000080000000,0x0000000085af1588,0x000000008ec80000)
 Metaspace       used 85664K, capacity 89516K, committed 92328K, reserved 1128448K
  class space    used 11284K, capacity 12042K, committed 12720K, reserved 1048576K

Card table byte_map: [0x0000000011f10000,0x0000000012320000] byte_map_base: 0x0000000011b10000

Marking Bits: (ParMarkBitMap*) 0x000000006d4af030
 Begin Bits: [0x0000000012dd0000, 0x0000000014dd0000)
 End Bits:   [0x0000000014dd0000, 0x0000000016dd0000)

Polling page: 0x00000000010a0000

CodeCache: size=245760Kb used=47965Kb max_used=47965Kb free=197794Kb
 bounds [0x0000000002b50000, 0x0000000005a60000, 0x0000000011b50000]
 total_blobs=15809 nmethods=14946 adapters=772
 compilation: enabled

Compilation events (10 events):
Event: 19.570 Thread 0x0000000019a05000 nmethod 18015 0x0000000005a38750 code [0x0000000005a388e0, 0x0000000005a38e28]
Event: 19.570 Thread 0x0000000019a05000 18017       2       com.android.tools.r8.s.a.b.m.c::a (53 bytes)
Event: 19.570 Thread 0x0000000019a05000 nmethod 18017 0x0000000005a4e190 code [0x0000000005a4e320, 0x0000000005a4e6a8]
Event: 19.571 Thread 0x0000000019a05000 18019 %     3       com.android.tools.r8.ir.regalloc.a::a @ 31 (110 bytes)
Event: 19.573 Thread 0x0000000019a05000 nmethod 18019% 0x0000000005a4e890 code [0x0000000005a4eb00, 0x0000000005a4fb08]
Event: 19.573 Thread 0x0000000019a05000 18020 %     3       com.android.tools.r8.v.a.a.a.h.K::containsKey @ 49 (80 bytes)
Event: 19.574 Thread 0x0000000019a05000 nmethod 18020% 0x0000000005a50350 code [0x0000000005a50500, 0x0000000005a50c08]
Event: 19.574 Thread 0x0000000019a05000 18021       1       com.android.tools.r8.ir.conversion.H::d (5 bytes)
Event: 19.574 Thread 0x0000000019a05000 nmethod 18021 0x0000000005a07b90 code [0x0000000005a07ce0, 0x0000000005a07df0]
Event: 19.575 Thread 0x0000000019a05000 18022 %     3       com.android.tools.r8.v.a.a.a.h.K::a @ 78 (281 bytes)

GC Heap History (10 events):
Event: 17.378 GC heap before
{Heap before GC invocations=19 (full 3):
 PSYoungGen      total 450560K, used 450544K [0x00000000d5580000, 0x00000000fa880000, 0x0000000100000000)
  eden space 417280K, 100% used [0x00000000d5580000,0x00000000eed00000,0x00000000eed00000)
  from space 33280K, 99% used [0x00000000eed00000,0x00000000f0d7c160,0x00000000f0d80000)
  to   space 47616K, 0% used [0x00000000f7a00000,0x00000000f7a00000,0x00000000fa880000)
 ParOldGen       total 122368K, used 85599K [0x0000000080000000, 0x0000000087780000, 0x00000000d5580000)
  object space 122368K, 69% used [0x0000000080000000,0x0000000085397d28,0x0000000087780000)
 Metaspace       used 86085K, capacity 91604K, committed 91816K, reserved 1128448K
  class space    used 11610K, capacity 12622K, committed 12720K, reserved 1048576K
Event: 17.422 GC heap after
Heap after GC invocations=19 (full 3):
 PSYoungGen      total 558080K, used 35972K [0x00000000d5580000, 0x00000000fbf80000, 0x0000000100000000)
  eden space 510464K, 0% used [0x00000000d5580000,0x00000000d5580000,0x00000000f4800000)
  from space 47616K, 75% used [0x00000000f7a00000,0x00000000f9d213d0,0x00000000fa880000)
  to   space 51200K, 0% used [0x00000000f4800000,0x00000000f4800000,0x00000000f7a00000)
 ParOldGen       total 122368K, used 94973K [0x0000000080000000, 0x0000000087780000, 0x00000000d5580000)
  object space 122368K, 77% used [0x0000000080000000,0x0000000085cbf7c8,0x0000000087780000)
 Metaspace       used 86085K, capacity 91604K, committed 91816K, reserved 1128448K
  class space    used 11610K, capacity 12622K, committed 12720K, reserved 1048576K
}
Event: 17.945 GC heap before
{Heap before GC invocations=20 (full 3):
 PSYoungGen      total 558080K, used 546436K [0x00000000d5580000, 0x00000000fbf80000, 0x0000000100000000)
  eden space 510464K, 100% used [0x00000000d5580000,0x00000000f4800000,0x00000000f4800000)
  from space 47616K, 75% used [0x00000000f7a00000,0x00000000f9d213d0,0x00000000fa880000)
  to   space 51200K, 0% used [0x00000000f4800000,0x00000000f4800000,0x00000000f7a00000)
 ParOldGen       total 122368K, used 94973K [0x0000000080000000, 0x0000000087780000, 0x00000000d5580000)
  object space 122368K, 77% used [0x0000000080000000,0x0000000085cbf7c8,0x0000000087780000)
 Metaspace       used 86332K, capacity 91850K, committed 92072K, reserved 1128448K
  class space    used 11615K, capacity 12627K, committed 12720K, reserved 1048576K
Event: 17.995 GC heap after
Heap after GC invocations=20 (full 3):
 PSYoungGen      total 561664K, used 46935K [0x00000000d5580000, 0x0000000100000000, 0x0000000100000000)
  eden space 510464K, 0% used [0x00000000d5580000,0x00000000d5580000,0x00000000f4800000)
  from space 51200K, 91% used [0x00000000f4800000,0x00000000f75d5d50,0x00000000f7a00000)
  to   space 57856K, 0% used [0x00000000fc780000,0x00000000fc780000,0x0000000100000000)
 ParOldGen       total 122368K, used 94981K [0x0000000080000000, 0x0000000087780000, 0x00000000d5580000)
  object space 122368K, 77% used [0x0000000080000000,0x0000000085cc17c8,0x0000000087780000)
 Metaspace       used 86332K, capacity 91850K, committed 92072K, reserved 1128448K
  class space    used 11615K, capacity 12627K, committed 12720K, reserved 1048576K
}
Event: 18.460 GC heap before
{Heap before GC invocations=21 (full 3):
 PSYoungGen      total 561664K, used 557399K [0x00000000d5580000, 0x0000000100000000, 0x0000000100000000)
  eden space 510464K, 100% used [0x00000000d5580000,0x00000000f4800000,0x00000000f4800000)
  from space 51200K, 91% used [0x00000000f4800000,0x00000000f75d5d50,0x00000000f7a00000)
  to   space 57856K, 0% used [0x00000000fc780000,0x00000000fc780000,0x0000000100000000)
 ParOldGen       total 122368K, used 94981K [0x0000000080000000, 0x0000000087780000, 0x00000000d5580000)
  object space 122368K, 77% used [0x0000000080000000,0x0000000085cc17c8,0x0000000087780000)
 Metaspace       used 86533K, capacity 92100K, committed 92328K, reserved 1128448K
  class space    used 11620K, capacity 12632K, committed 12720K, reserved 1048576K
Event: 18.500 GC heap after
Heap after GC invocations=21 (full 3):
 PSYoungGen      total 643584K, used 26150K [0x00000000d5580000, 0x0000000100000000, 0x0000000100000000)
  eden space 585728K, 0% used [0x00000000d5580000,0x00000000d5580000,0x00000000f9180000)
  from space 57856K, 45% used [0x00000000fc780000,0x00000000fe1099b0,0x0000000100000000)
  to   space 55296K, 0% used [0x00000000f9180000,0x00000000f9180000,0x00000000fc780000)
 ParOldGen       total 122368K, used 114491K [0x0000000080000000, 0x0000000087780000, 0x00000000d5580000)
  object space 122368K, 93% used [0x0000000080000000,0x0000000086fcecc0,0x0000000087780000)
 Metaspace       used 86533K, capacity 92100K, committed 92328K, reserved 1128448K
  class space    used 11620K, capacity 12632K, committed 12720K, reserved 1048576K
}
Event: 18.500 GC heap before
{Heap before GC invocations=22 (full 4):
 PSYoungGen      total 643584K, used 26150K [0x00000000d5580000, 0x0000000100000000, 0x0000000100000000)
  eden space 585728K, 0% used [0x00000000d5580000,0x00000000d5580000,0x00000000f9180000)
  from space 57856K, 45% used [0x00000000fc780000,0x00000000fe1099b0,0x0000000100000000)
  to   space 55296K, 0% used [0x00000000f9180000,0x00000000f9180000,0x00000000fc780000)
 ParOldGen       total 122368K, used 114491K [0x0000000080000000, 0x0000000087780000, 0x00000000d5580000)
  object space 122368K, 93% used [0x0000000080000000,0x0000000086fcecc0,0x0000000087780000)
 Metaspace       used 86533K, capacity 92100K, committed 92328K, reserved 1128448K
  class space    used 11620K, capacity 12632K, committed 12720K, reserved 1048576K
Event: 18.709 GC heap after
Heap after GC invocations=22 (full 4):
 PSYoungGen      total 643584K, used 0K [0x00000000d5580000, 0x0000000100000000, 0x0000000100000000)
  eden space 585728K, 0% used [0x00000000d5580000,0x00000000d5580000,0x00000000f9180000)
  from space 57856K, 0% used [0x00000000fc780000,0x00000000fc780000,0x0000000100000000)
  to   space 55296K, 0% used [0x00000000f9180000,0x00000000f9180000,0x00000000fc780000)
 ParOldGen       total 122368K, used 99507K [0x0000000080000000, 0x0000000087780000, 0x00000000d5580000)
  object space 122368K, 81% used [0x0000000080000000,0x000000008612cc60,0x0000000087780000)
 Metaspace       used 85520K, capacity 89332K, committed 92328K, reserved 1128448K
  class space    used 11280K, capacity 12036K, committed 12720K, reserved 1048576K
}
Event: 19.272 GC heap before
{Heap before GC invocations=23 (full 5):
 PSYoungGen      total 643584K, used 585728K [0x00000000d5580000, 0x0000000100000000, 0x0000000100000000)
  eden space 585728K, 100% used [0x00000000d5580000,0x00000000f9180000,0x00000000f9180000)
  from space 57856K, 0% used [0x00000000fc780000,0x00000000fc780000,0x0000000100000000)
  to   space 55296K, 0% used [0x00000000f9180000,0x00000000f9180000,0x00000000fc780000)
 ParOldGen       total 122368K, used 99507K [0x0000000080000000, 0x0000000087780000, 0x00000000d5580000)
  object space 122368K, 81% used [0x0000000080000000,0x000000008612cc60,0x0000000087780000)
 Metaspace       used 85649K, capacity 89506K, committed 92328K, reserved 1128448K
  class space    used 11284K, capacity 12041K, committed 12720K, reserved 1048576K
Event: 19.504 GC heap after
Heap after GC invocations=23 (full 5):
 PSYoungGen      total 643584K, used 0K [0x00000000d5580000, 0x0000000100000000, 0x0000000100000000)
  eden space 585728K, 0% used [0x00000000d5580000,0x00000000d5580000,0x00000000f9180000)
  from space 57856K, 0% used [0x00000000fc780000,0x00000000fc780000,0x0000000100000000)
  to   space 55296K, 0% used [0x00000000f9180000,0x00000000f9180000,0x00000000fc780000)
 ParOldGen       total 242176K, used 93125K [0x0000000080000000, 0x000000008ec80000, 0x00000000d5580000)
  object space 242176K, 38% used [0x0000000080000000,0x0000000085af1588,0x000000008ec80000)
 Metaspace       used 85649K, capacity 89506K, committed 92328K, reserved 1128448K
  class space    used 11284K, capacity 12041K, committed 12720K, reserved 1048576K
}

Deoptimization events (10 events):
Event: 19.262 Thread 0x00000000233ea000 Uncommon trap: reason=array_check action=maybe_recompile pc=0x0000000005a166d8 method=java.util.TimSort.binarySort([Ljava/lang/Object;IIILjava/util/Comparator;)V @ 193
Event: 19.266 Thread 0x00000000233eb800 Uncommon trap: reason=unstable_if action=reinterpret pc=0x00000000057da6f8 method=com.android.tools.r8.ir.regalloc.b.c(I)Lcom/android/tools/r8/ir/regalloc/b; @ 153
Event: 19.520 Thread 0x000000001bf7d000 Uncommon trap: reason=class_check action=maybe_recompile pc=0x000000000597d6b8 method=com.android.tools.r8.ir.conversion.o.a(Lcom/android/tools/r8/ir/conversion/N;IZ)V @ 635
Event: 19.521 Thread 0x000000001bf7d000 Uncommon trap: reason=class_check action=maybe_recompile pc=0x000000000597d6b8 method=com.android.tools.r8.ir.conversion.o.a(Lcom/android/tools/r8/ir/conversion/N;IZ)V @ 635
Event: 19.522 Thread 0x000000001bf7d000 Uncommon trap: reason=class_check action=maybe_recompile pc=0x000000000597d6b8 method=com.android.tools.r8.ir.conversion.o.a(Lcom/android/tools/r8/ir/conversion/N;IZ)V @ 635
Event: 19.560 Thread 0x00000000233ea000 Uncommon trap: reason=class_check action=maybe_recompile pc=0x0000000003808e40 method=java.lang.Throwable.<init>(Ljava/lang/String;Ljava/lang/Throwable;)V @ 24
Event: 19.569 Thread 0x000000001bf7d000 Uncommon trap: reason=array_check action=maybe_recompile pc=0x0000000005a16614 method=java.util.TimSort.binarySort([Ljava/lang/Object;IIILjava/util/Comparator;)V @ 215
Event: 19.569 Thread 0x000000001bf7d000 Uncommon trap: reason=array_check action=maybe_recompile pc=0x0000000005a166d8 method=java.util.TimSort.binarySort([Ljava/lang/Object;IIILjava/util/Comparator;)V @ 193
Event: 19.569 Thread 0x000000001bf7d000 Uncommon trap: reason=array_check action=maybe_recompile pc=0x0000000005a167a0 method=java.util.TimSort.binarySort([Ljava/lang/Object;IIILjava/util/Comparator;)V @ 183
Event: 19.569 Thread 0x000000001bf7d000 Uncommon trap: reason=array_check action=maybe_recompile pc=0x0000000005a166d8 method=java.util.TimSort.binarySort([Ljava/lang/Object;IIILjava/util/Comparator;)V @ 193

Classes redefined (0 events):
No events

Internal exceptions (10 events):
Event: 19.049 Thread 0x00000000233ea000 Exception <a 'sun/nio/fs/WindowsException'> (0x00000000e16a3150) thrown at [C:\src\AOSP-openjdk-git\hotspot\src\share\vm\prims\jni.cpp, line 710]
Event: 19.073 Thread 0x00000000233e8800 Implicit null exception at 0x00000000059b3eb4 to 0x00000000059b9a7d
Event: 19.074 Thread 0x000000001e81a000 Implicit null exception at 0x00000000059b3eb4 to 0x00000000059b9a7d
Event: 19.087 Thread 0x00000000233e9000 Exception <a 'sun/nio/fs/WindowsException'> (0x00000000ec1ca6d8) thrown at [C:\src\AOSP-openjdk-git\hotspot\src\share\vm\prims\jni.cpp, line 710]
Event: 19.162 Thread 0x000000001bf7d000 Exception <a 'sun/nio/fs/WindowsException'> (0x00000000f241ab88) thrown at [C:\src\AOSP-openjdk-git\hotspot\src\share\vm\prims\jni.cpp, line 710]
Event: 19.200 Thread 0x00000000233ea000 Exception <a 'sun/nio/fs/WindowsException'> (0x00000000f56137d0) thrown at [C:\src\AOSP-openjdk-git\hotspot\src\share\vm\prims\jni.cpp, line 710]
Event: 19.214 Thread 0x000000001bf7d000 Exception <a 'sun/nio/fs/WindowsException'> (0x00000000f244c8c0) thrown at [C:\src\AOSP-openjdk-git\hotspot\src\share\vm\prims\jni.cpp, line 710]
Event: 19.215 Thread 0x00000000233ea000 Exception <a 'sun/nio/fs/WindowsException'> (0x00000000f56469c0) thrown at [C:\src\AOSP-openjdk-git\hotspot\src\share\vm\prims\jni.cpp, line 710]
Event: 19.253 Thread 0x000000001bf7d000 Exception <a 'sun/nio/fs/WindowsException'> (0x00000000f79a8548) thrown at [C:\src\AOSP-openjdk-git\hotspot\src\share\vm\prims\jni.cpp, line 710]
Event: 19.560 Thread 0x00000000233ea000 Exception <a 'java/lang/OutOfMemoryError'> (0x00000000d9ad2568) thrown at [C:\src\AOSP-openjdk-git\hotspot\src\share\vm\prims\jni.cpp, line 737]

Events (10 events):
Event: 19.569 Thread 0x000000001bf7d000 DEOPT UNPACKING pc=0x0000000002b9557b sp=0x000000001dfe7bc0 mode 2
Event: 19.569 Thread 0x000000001bf7d000 Uncommon trap: trap_request=0xffffffd6 fr.pc=0x0000000005a167a0
Event: 19.569 Thread 0x000000001bf7d000 DEOPT PACKING pc=0x0000000005a167a0 sp=0x000000001dfe7c20
Event: 19.569 Thread 0x000000001bf7d000 DEOPT UNPACKING pc=0x0000000002b9557b sp=0x000000001dfe7bc0 mode 2
Event: 19.569 Thread 0x000000001bf7d000 Uncommon trap: trap_request=0xffffffd6 fr.pc=0x0000000005a166d8
Event: 19.569 Thread 0x000000001bf7d000 DEOPT PACKING pc=0x0000000005a166d8 sp=0x000000001dfe7c20
Event: 19.569 Thread 0x000000001bf7d000 DEOPT UNPACKING pc=0x0000000002b9557b sp=0x000000001dfe7bc0 mode 2
Event: 19.571 Thread 0x000000001e81a000 DEOPT PACKING pc=0x0000000005372ece sp=0x0000000027669830
Event: 19.571 loading class org/gradle/internal/execution/Result done
Event: 19.571 Thread 0x000000001e81a000 DEOPT UNPACKING pc=0x0000000002b975d0 sp=0x0000000027669708 mode 0


Dynamic libraries:
0x00007ff6bdd40000 - 0x00007ff6bdd71000 	C:\Program Files\Android\Android Studio1\jre\bin\java.exe
0x00007ffec6570000 - 0x00007ffec6766000 	C:\WINDOWS\SYSTEM32\ntdll.dll
0x00007ffec6470000 - 0x00007ffec652d000 	C:\WINDOWS\System32\KERNEL32.DLL
0x00007ffec4300000 - 0x00007ffec45c9000 	C:\WINDOWS\System32\KERNELBASE.dll
0x00007ffec61e0000 - 0x00007ffec628c000 	C:\WINDOWS\System32\ADVAPI32.dll
0x00007ffec6290000 - 0x00007ffec632e000 	C:\WINDOWS\System32\msvcrt.dll
0x00007ffec6000000 - 0x00007ffec609c000 	C:\WINDOWS\System32\sechost.dll
0x00007ffec60a0000 - 0x00007ffec61cb000 	C:\WINDOWS\System32\RPCRT4.dll
0x00007ffec53b0000 - 0x00007ffec5550000 	C:\WINDOWS\System32\USER32.dll
0x00007ffec3e00000 - 0x00007ffec3e22000 	C:\WINDOWS\System32\win32u.dll
0x00007ffec57b0000 - 0x00007ffec57da000 	C:\WINDOWS\System32\GDI32.dll
0x00007ffec3ee0000 - 0x00007ffec3feb000 	C:\WINDOWS\System32\gdi32full.dll
0x00007ffec4230000 - 0x00007ffec42cd000 	C:\WINDOWS\System32\msvcp_win.dll
0x00007ffec3d00000 - 0x00007ffec3e00000 	C:\WINDOWS\System32\ucrtbase.dll
0x00007ffeb3070000 - 0x00007ffeb330b000 	C:\WINDOWS\WinSxS\amd64_microsoft.windows.common-controls_6595b64144ccf1df_6.0.19041.746_none_ca02b4b61b8320a4\COMCTL32.dll
0x00007ffec5890000 - 0x00007ffec58c0000 	C:\WINDOWS\System32\IMM32.DLL
0x000000006c8d0000 - 0x000000006c9a2000 	C:\Program Files\Android\Android Studio1\jre\jre\bin\msvcr100.dll
0x000000006cce0000 - 0x000000006d52b000 	C:\Program Files\Android\Android Studio1\jre\jre\bin\server\jvm.dll
0x00007ffec61d0000 - 0x00007ffec61d8000 	C:\WINDOWS\System32\PSAPI.DLL
0x00007ffeba0f0000 - 0x00007ffeba117000 	C:\WINDOWS\SYSTEM32\WINMM.dll
0x00007ffec2490000 - 0x00007ffec249a000 	C:\WINDOWS\SYSTEM32\VERSION.dll
0x00007ffebd330000 - 0x00007ffebd339000 	C:\WINDOWS\SYSTEM32\WSOCK32.dll
0x00007ffec6330000 - 0x00007ffec639b000 	C:\WINDOWS\System32\WS2_32.dll
0x00007ffebd2c0000 - 0x00007ffebd2cf000 	C:\Program Files\Android\Android Studio1\jre\jre\bin\verify.dll
0x00007ffebd290000 - 0x00007ffebd2b9000 	C:\Program Files\Android\Android Studio1\jre\jre\bin\java.dll
0x00007ffebd270000 - 0x00007ffebd286000 	C:\Program Files\Android\Android Studio1\jre\jre\bin\zip.dll
0x00007ffec4c60000 - 0x00007ffec53a3000 	C:\WINDOWS\System32\SHELL32.dll
0x00007ffec1c50000 - 0x00007ffec23df000 	C:\WINDOWS\SYSTEM32\windows.storage.dll
0x00007ffec5b80000 - 0x00007ffec5ed6000 	C:\WINDOWS\System32\combase.dll
0x00007ffec3710000 - 0x00007ffec373c000 	C:\WINDOWS\SYSTEM32\Wldp.dll
0x00007ffec58c0000 - 0x00007ffec596e000 	C:\WINDOWS\System32\SHCORE.dll
0x00007ffec4bf0000 - 0x00007ffec4c45000 	C:\WINDOWS\System32\shlwapi.dll
0x00007ffec3be0000 - 0x00007ffec3c06000 	C:\WINDOWS\SYSTEM32\profapi.dll
0x00007ffebccf0000 - 0x00007ffebcd0a000 	C:\Program Files\Android\Android Studio1\jre\jre\bin\net.dll
0x00007ffec3490000 - 0x00007ffec34fa000 	C:\WINDOWS\system32\mswsock.dll
0x00007ffebc2b0000 - 0x00007ffebc2c3000 	C:\Program Files\Android\Android Studio1\jre\jre\bin\nio.dll
0x00007ffe757a0000 - 0x00007ffe757c6000 	C:\Users\Aaqib Khan\.gradle\native\31\windows-amd64\native-platform.dll
0x00007ffebd260000 - 0x00007ffebd26d000 	C:\Program Files\Android\Android Studio1\jre\jre\bin\management.dll
0x00007ffec3660000 - 0x00007ffec3678000 	C:\WINDOWS\SYSTEM32\CRYPTSP.dll
0x00007ffec2dc0000 - 0x00007ffec2df4000 	C:\WINDOWS\system32\rsaenh.dll
0x00007ffec42d0000 - 0x00007ffec42f7000 	C:\WINDOWS\System32\bcrypt.dll
0x00007ffec3ba0000 - 0x00007ffec3bce000 	C:\WINDOWS\SYSTEM32\USERENV.dll
0x00007ffec41b0000 - 0x00007ffec4230000 	C:\WINDOWS\System32\bcryptprimitives.dll
0x00007ffec3680000 - 0x00007ffec368c000 	C:\WINDOWS\SYSTEM32\CRYPTBASE.dll
0x00007ffec3130000 - 0x00007ffec316b000 	C:\WINDOWS\SYSTEM32\IPHLPAPI.DLL
0x00007ffec5780000 - 0x00007ffec5788000 	C:\WINDOWS\System32\NSI.dll
0x00007ffeba690000 - 0x00007ffeba6a7000 	C:\WINDOWS\SYSTEM32\dhcpcsvc6.DLL
0x00007ffebc4c0000 - 0x00007ffebc4dd000 	C:\WINDOWS\SYSTEM32\dhcpcsvc.DLL
0x00007ffec3170000 - 0x00007ffec323b000 	C:\WINDOWS\SYSTEM32\DNSAPI.dll

VM Arguments:
jvm_args: -Xmx2048m -Dfile.encoding=windows-1252 -Duser.country=IN -Duser.language=en -Duser.variant 
java_command: org.gradle.launcher.daemon.bootstrap.GradleDaemon 6.1.1
java_class_path (initial): C:\Users\Aaqib Khan\.gradle\wrapper\dists\gradle-6.1.1-all\cfmwm155h49vnt3hynmlrsdst\gradle-6.1.1\lib\gradle-launcher-6.1.1.jar
Launcher Type: SUN_STANDARD

Environment Variables:
PATH=C:\WINDOWS\system32;C:\WINDOWS;C:\WINDOWS\System32\Wbem;C:\WINDOWS\System32\WindowsPowerShell\v1.0\;C:\WINDOWS\System32\OpenSSH\;C:\Program Files (x86)\Intel\Intel(R) Management Engine Components\DAL;C:\Program Files\Intel\Intel(R) Management Engine Components\DAL;C:\Program Files\dotnet\;C:\Program Files\Microsoft SQL Server\130\Tools\Binn\;C:\Program Files (x86)\Microsoft SQL Server\150\DTS\Binn\;C:\Program Files\Microsoft SQL Server\Client SDK\ODBC\170\Tools\Binn\;C:\Program Files\Git\cmd;C:\Users\Aaqib Khan\AppData\Local\Programs\Python\Python39\Scripts\;C:\Users\Aaqib Khan\AppData\Local\Programs\Python\Python39\;C:\Users\Aaqib Khan\AppData\Local\Microsoft\WindowsApps;C:\Users\Aaqib Khan\AppData\Local\Programs\Microsoft VS Code\bin;C:\Users\Aaqib Khan\.dotnet\tools;C:\Users\Aaqib Khan\.dotnet\tools;C:\Program Files\nodejs;
USERNAME=Aaqib Khan
OS=Windows_NT
PROCESSOR_IDENTIFIER=Intel64 Family 6 Model 158 Stepping 10, GenuineIntel



---------------  S Y S T E M  ---------------

OS: Windows 10.0 , 64 bit Build 19041 (10.0.19041.662)

CPU:total 8 (initial active 8) (4 cores per cpu, 2 threads per core) family 6 model 158 stepping 10, cmov, cx8, fxsr, mmx, sse, sse2, sse3, ssse3, sse4.1, sse4.2, popcnt, avx, avx2, aes, clmul, erms, 3dnowpref, lzcnt, ht, tsc, tscinvbit, bmi1, bmi2, adx

Memory: 4k page, physical 8227124k(1453276k free), swap 8227124k(5192k free)

vm_info: OpenJDK 64-Bit Server VM (25.242-b01) for windows-amd64 JRE (1.8.0_242-release-1644-b01), built by "builder" with MS VC++ 10.0 (VS2010)

time: Sun Feb 14 21:21:02 2021
timezone: India Standard Time
elapsed time: 19 seconds (0d 0h 0m 19s)

